// Vitest Snapshot v1, https://vitest.dev/guide/snapshot.html

exports[`statement snapshot: kernel classification + section ordering > balance sheet places 3200+ equity accounts in the equity section 1`] = `
[
  {
    "amount": undefined,
    "grand": false,
    "header": true,
    "label": "ASSETS",
    "subtotal": false,
  },
  {
    "amount": undefined,
    "grand": false,
    "header": true,
    "label": "Current Assets",
    "subtotal": false,
  },
  {
    "amount": 10000,
    "grand": false,
    "header": false,
    "label": "Cash",
    "subtotal": false,
  },
  {
    "amount": 300,
    "grand": false,
    "header": false,
    "label": "Accounts Receivable",
    "subtotal": false,
  },
  {
    "amount": 10300,
    "grand": false,
    "header": false,
    "label": "Total Current Assets",
    "subtotal": true,
  },
  {
    "amount": undefined,
    "grand": false,
    "header": true,
    "label": "Non-Current Assets",
    "subtotal": false,
  },
  {
    "amount": 8000,
    "grand": false,
    "header": false,
    "label": "Equipment",
    "subtotal": false,
  },
  {
    "amount": 8000,
    "grand": false,
    "header": false,
    "label": "Total Non-Current Assets",
    "subtotal": true,
  },
  {
    "amount": 18300,
    "grand": true,
    "header": false,
    "label": "TOTAL ASSETS",
    "subtotal": false,
  },
  {
    "amount": undefined,
    "grand": false,
    "header": true,
    "label": "LIABILITIES",
    "subtotal": false,
  },
  {
    "amount": undefined,
    "grand": false,
    "header": true,
    "label": "Current Liabilities",
    "subtotal": false,
  },
  {
    "amount": 450,
    "grand": false,
    "header": false,
    "label": "Accounts Payable",
    "subtotal": false,
  },
  {
    "amount": 450,
    "grand": false,
    "header": false,
    "label": "Total Current Liabilities",
    "subtotal": true,
  },
  {
    "amount": undefined,
    "grand": false,
    "header": true,
    "label": "Non-Current Liabilities",
    "subtotal": false,
  },
  {
    "amount": 4000,
    "grand": false,
    "header": false,
    "label": "Long Term Loan",
    "subtotal": false,
  },
  {
    "amount": 4000,
    "grand": false,
    "header": false,
    "label": "Total Non-Current Liabilities",
    "subtotal": true,
  },
  {
    "amount": 4450,
    "grand": true,
    "header": false,
    "label": "TOTAL LIABILITIES",
    "subtotal": false,
  },
  {
    "amount": undefined,
    "grand": false,
    "header": true,
    "label": "EQUITY",
    "subtotal": false,
  },
  {
    "amount": undefined,
    "grand": false,
    "header": true,
    "label": "Equity",
    "subtotal": false,
  },
  {
    "amount": 5000,
    "grand": false,
    "header": false,
    "label": "Share Capital",
    "subtotal": false,
  },
  {
    "amount": 5000,
    "grand": false,
    "header": false,
    "label": "Total Equity",
    "subtotal": true,
  },
  {
    "amount": undefined,
    "grand": false,
    "header": true,
    "label": "Retained Earnings",
    "subtotal": false,
  },
  {
    "amount": 7850,
    "grand": false,
    "header": false,
    "label": "Current Year Earnings",
    "subtotal": false,
  },
  {
    "amount": 7850,
    "grand": false,
    "header": false,
    "label": "Total Retained Earnings",
    "subtotal": true,
  },
  {
    "amount": undefined,
    "grand": false,
    "header": true,
    "label": "Reserves",
    "subtotal": false,
  },
  {
    "amount": 1500,
    "grand": false,
    "header": false,
    "label": "Retained Earnings",
    "subtotal": false,
  },
  {
    "amount": -500,
    "grand": false,
    "header": false,
    "label": "Owner Drawings",
    "subtotal": false,
  },
  {
    "amount": 1000,
    "grand": false,
    "header": false,
    "label": "Total Reserves",
    "subtotal": true,
  },
  {
    "amount": 13850,
    "grand": true,
    "header": false,
    "label": "TOTAL EQUITY",
    "subtotal": false,
  },
]
`;

exports[`statement snapshot: kernel classification + section ordering > income statement places the 8000-8999 band as other income/expense 1`] = `
[
  {
    "amount": undefined,
    "grand": false,
    "header": true,
    "label": "REVENUE",
    "subtotal": false,
  },
  {
    "amount": 20000,
    "grand": false,
    "header": false,
    "label": "Sales Revenue",
    "subtotal": false,
  },
  {
    "amount": 20000,
    "grand": false,
    "header": false,
    "label": "Total Revenue",
    "subtotal": true,
  },
  {
    "amount": undefined,
    "grand": false,
    "header": true,
    "label": "COST OF SALES",
    "subtotal": false,
  },
  {
    "amount": 9000,
    "grand": false,
    "header": false,
    "label": "Cost of Goods Sold",
    "subtotal": false,
  },
  {
    "amount": 9000,
    "grand": false,
    "header": false,
    "label": "Total Cost of Sales",
    "subtotal": true,
  },
  {
    "amount": 11000,
    "grand": false,
    "header": false,
    "label": "GROSS PROFIT",
    "subtotal": true,
  },
  {
    "amount": undefined,
    "grand": false,
    "header": true,
    "label": "OPERATING EXPENSES",
    "subtotal": false,
  },
  {
    "amount": 3000,
    "grand": false,
    "header": false,
    "label": "Rent Expense",
    "subtotal": false,
  },
  {
    "amount": 3000,
    "grand": false,
    "header": false,
    "label": "Total Operating Expenses",
    "subtotal": true,
  },
  {
    "amount": 8000,
    "grand": false,
    "header": false,
    "label": "OPERATING PROFIT",
    "subtotal": true,
  },
  {
    "amount": undefined,
    "grand": false,
    "header": true,
    "label": "OTHER INCOME",
    "subtotal": false,
  },
  {
    "amount": 250,
    "grand": false,
    "header": false,
    "label": "Interest Income",
    "subtotal": false,
  },
  {
    "amount": 250,
    "grand": false,
    "header": false,
    "label": "Total Other Income",
    "subtotal": true,
  },
  {
    "amount": undefined,
    "grand": false,
    "header": true,
    "label": "OTHER EXPENSES",
    "subtotal": false,
  },
  {
    "amount": 400,
    "grand": false,
    "header": false,
    "label": "Interest Expense",
    "subtotal": false,
  },
  {
    "amount": 400,
    "grand": false,
    "header": false,
    "label": "Total Other Expenses",
    "subtotal": true,
  },
  {
    "amount": 7850,
    "grand": false,
    "header": false,
    "label": "PROFIT BEFORE TAX",
    "subtotal": true,
  },
  {
    "amount": 7850,
    "grand": true,
    "header": false,
    "label": "NET PROFIT",
    "subtotal": false,
  },
]
`;
